******************************************************************************
                  TI ARM Linker PC v20.2.5                     
******************************************************************************
>> Linked Wed May 26 13:06:30 2021

OUTPUT FILE NAME:   <LAB_6.out>
ENTRY POINT SYMBOL: "_c_int00_noargs"  address: 00000a19


MEMORY CONFIGURATION

         name            origin    length      used     unused   attr    fill
----------------------  --------  ---------  --------  --------  ----  --------
  FLASH                 00000000   00020000  00000c76  0001f38a  R  X
  SRAM                  20000000   00008000  00000219  00007de7  RW X


SEGMENT ALLOCATION MAP

run origin  load origin   length   init length attrs members
----------  ----------- ---------- ----------- ----- -------
00000000    00000000    00000c78   00000c78    r-x
  00000000    00000000    0000026c   0000026c    r-- .intvecs
  0000026c    0000026c    000008f6   000008f6    r-x .text
  00000b64    00000b64    000000fc   000000fc    r-- .const
  00000c60    00000c60    00000018   00000018    r-- .cinit
20000000    20000000    00000219   00000000    rw-
  20000000    20000000    00000200   00000000    rw- .stack
  20000200    20000200    00000019   00000000    rw- .data


SECTION ALLOCATION MAP

 output                                  attributes/
section   page    origin      length       input sections
--------  ----  ----------  ----------   ----------------
.intvecs   0    00000000    0000026c     
                  00000000    0000026c     tm4c123ge6pm_startup_ccs.obj (.intvecs)

.text      0    0000026c    000008f6     
                  0000026c    00000268     main.obj (.text)
                  000004d4    00000132     driverlib.lib : gpio.obj (.text:GPIOPadConfigSet)
                  00000606    00000002     --HOLE-- [fill = 0]
                  00000608    00000110                   : sysctl.obj (.text:SysCtlClockGet)
                  00000718    000000f4                   : sysctl.obj (.text:SysCtlClockSet)
                  0000080c    0000009c     rtsv7M4_T_le_v4SPD16_eabi.lib : memcpy_t2.asm.obj (.text)
                  000008a8    00000068                                   : copy_decompress_lzss.c.obj (.text:decompress:lzss:__TI_decompress_lzss)
                  00000910    00000048     driverlib.lib : gpio.obj (.text:GPIOPinConfigure)
                  00000958    00000046                   : uart.obj (.text:UARTConfigSetExpClk)
                  0000099e    00000002     --HOLE-- [fill = 0]
                  000009a0    00000044     rtsv7M4_T_le_v4SPD16_eabi.lib : autoinit.c.obj (.text:__TI_auto_init_nobinit_nopinit:__TI_auto_init_nobinit_nopinit)
                  000009e4    00000034     driverlib.lib : sysctl.obj (.text:SysCtlPeripheralEnable)
                  00000a18    00000034     rtsv7M4_T_le_v4SPD16_eabi.lib : boot_cortex_m.c.obj (.text:_c_int00_noargs:_c_int00_noargs)
                  00000a4c    0000002a     driverlib.lib : gpio.obj (.text:GPIODirModeSet)
                  00000a76    00000002     --HOLE-- [fill = 0]
                  00000a78    00000020                   : uart.obj (.text:UARTDisable)
                  00000a98    00000018                   : gpio.obj (.text:GPIOPinTypeGPIOOutput)
                  00000ab0    00000014                   : systick.obj (.text:SysTickDisable)
                  00000ac4    00000014                   : systick.obj (.text:SysTickEnable)
                  00000ad8    00000014                   : uart.obj (.text:UARTEnable)
                  00000aec    00000012                   : gpio.obj (.text:GPIOPinTypeGPIOInput)
                  00000afe    00000012                   : gpio.obj (.text:GPIOPinTypeUART)
                  00000b10    00000010                   : systick.obj (.text:SysTickPeriodSet)
                  00000b20    0000000e     rtsv7M4_T_le_v4SPD16_eabi.lib : copy_decompress_none.c.obj (.text:decompress:none:__TI_decompress_none)
                  00000b2e    0000000c     tm4c123ge6pm_startup_ccs.obj (.text)
                  00000b3a    0000000a     driverlib.lib : uart.obj (.text:UARTCharPut)
                  00000b44    00000006                   : gpio.obj (.text:GPIOPinRead)
                  00000b4a    00000006                   : gpio.obj (.text:GPIOPinWrite)
                  00000b50    00000006                   : sysctl.obj (.text:SysCtlDelay)
                  00000b56    00000004                   : uart.obj (.text:UARTIntClear)
                  00000b5a    00000004     rtsv7M4_T_le_v4SPD16_eabi.lib : pre_init.c.obj (.text:_system_pre_init)
                  00000b5e    00000004                                   : exit.c.obj (.text:abort:abort)

.const     0    00000b64    000000fc     
                  00000b64    00000090     driverlib.lib : gpio.obj (.const:g_pui32GPIOBaseAddrs)
                  00000bf4    0000006c                   : sysctl.obj (.const:g_pui32Xtals)

.cinit     0    00000c60    00000018     
                  00000c60    00000008     (.cinit..data.load) [load image, compression = lzss]
                  00000c68    00000008     (__TI_handler_table)
                  00000c70    00000008     (__TI_cinit_table)

.init_array 
*          0    00000000    00000000     UNINITIALIZED

.data      0    20000200    00000019     UNINITIALIZED
                  20000200    00000019     main.obj (.data)

.stack     0    20000000    00000200     UNINITIALIZED
                  20000000    00000004     rtsv7M4_T_le_v4SPD16_eabi.lib : boot_cortex_m.c.obj (.stack)
                  20000004    000001fc     --HOLE--

__llvm_prf_cnts 
*          0    20000000    00000000     UNINITIALIZED

MODULE SUMMARY

       Module                         code   ro data   rw data
       ------                         ----   -------   -------
    .\
       main.obj                       616    0         25     
       tm4c123ge6pm_startup_ccs.obj   12     620       0      
    +--+------------------------------+------+---------+---------+
       Total:                         628    620       25     
                                                              
    C:/ti/TivaWare_C_Series-2.1.4.178/driverlib/ccs/Debug/driverlib.lib
       sysctl.obj                     574    108       0      
       gpio.obj                       492    144       0      
       uart.obj                       136    0         0      
       systick.obj                    56     0         0      
    +--+------------------------------+------+---------+---------+
       Total:                         1258   252       0      
                                                              
    C:\ti\ccs1031\ccs\tools\compiler\ti-cgt-arm_20.2.5.LTS\lib\rtsv7M4_T_le_v4SPD16_eabi.lib
       memcpy_t2.asm.obj              156    0         0      
       copy_decompress_lzss.c.obj     104    0         0      
       autoinit.c.obj                 68     0         0      
       boot_cortex_m.c.obj            52     0         0      
       copy_decompress_none.c.obj     14     0         0      
       exit.c.obj                     4      0         0      
       pre_init.c.obj                 4      0         0      
    +--+------------------------------+------+---------+---------+
       Total:                         402    0         0      
                                                              
       Stack:                         0      0         512    
       Linker Generated:              0      24        0      
    +--+------------------------------+------+---------+---------+
       Grand Total:                   2288   896       537    


LINKER GENERATED COPY TABLES

__TI_cinit_table @ 00000c70 records: 1, size/record: 8, table size: 8
	.data: load addr=00000c60, load size=00000008 bytes, run addr=20000200, run size=00000019 bytes, compression=lzss


LINKER GENERATED HANDLER TABLE

__TI_handler_table @ 00000c68 records: 2, size/record: 4, table size: 8
	index: 0, handler: __TI_decompress_lzss
	index: 1, handler: __TI_decompress_none


GLOBAL SYMBOLS: SORTED ALPHABETICALLY BY Name 

address   name                          
-------   ----                          
20000208  Boton1                        
2000020c  Boton2                        
20000210  Boton3                        
20000214  Boton4                        
00000b5f  C$$EXIT                       
000003cd  Display7                      
00000a4d  GPIODirModeSet                
000004d5  GPIOPadConfigSet              
00000911  GPIOPinConfigure              
00000b45  GPIOPinRead                   
00000aed  GPIOPinTypeGPIOInput          
00000a99  GPIOPinTypeGPIOOutput         
00000aff  GPIOPinTypeUART               
00000b4b  GPIOPinWrite                  
20000204  Parqueos                      
00000b2f  ResetISR                      
20000218  Sensores                      
00000609  SysCtlClockGet                
00000719  SysCtlClockSet                
00000b51  SysCtlDelay                   
000009e5  SysCtlPeripheralEnable        
00000ab1  SysTickDisable                
00000ac5  SysTickEnable                 
00000b11  SysTickPeriodSet              
00000b3b  UARTCharPut                   
00000959  UARTConfigSetExpClk           
00000a79  UARTDisable                   
00000ad9  UARTEnable                    
00000b57  UARTIntClear                  
20000200  __STACK_END                   
00000200  __STACK_SIZE                  
20000200  __STACK_TOP                   
00000c70  __TI_CINIT_Base               
00000c78  __TI_CINIT_Limit              
00000c68  __TI_Handler_Table_Base       
00000c70  __TI_Handler_Table_Limit      
000009a1  __TI_auto_init_nobinit_nopinit
000008a9  __TI_decompress_lzss          
00000b21  __TI_decompress_none          
ffffffff  __TI_pprof_out_hndl           
ffffffff  __TI_prof_data_size           
ffffffff  __TI_prof_data_start          
00000000  __TI_static_base__            
0000080d  __aeabi_memcpy                
0000080d  __aeabi_memcpy4               
0000080d  __aeabi_memcpy8               
ffffffff  __binit__                     
ffffffff  __c_args__                    
UNDEFED   __mpu_init                    
20000000  __stack                       
20000000  __start___llvm_prf_cnts       
20000000  __stop___llvm_prf_cnts        
00000a19  _c_int00_noargs               
UNDEFED   _system_post_cinit            
00000b5b  _system_pre_init              
00000b5f  abort                         
ffffffff  binit                         
00000429  delay                         
00000455  delay1ms                      
00000000  g_pfnVectors                  
20000200  i                             
0000026d  main                          
0000080d  memcpy                        


GLOBAL SYMBOLS: SORTED BY Symbol Address 

address   name                          
-------   ----                          
00000000  __TI_static_base__            
00000000  g_pfnVectors                  
00000200  __STACK_SIZE                  
0000026d  main                          
000003cd  Display7                      
00000429  delay                         
00000455  delay1ms                      
000004d5  GPIOPadConfigSet              
00000609  SysCtlClockGet                
00000719  SysCtlClockSet                
0000080d  __aeabi_memcpy                
0000080d  __aeabi_memcpy4               
0000080d  __aeabi_memcpy8               
0000080d  memcpy                        
000008a9  __TI_decompress_lzss          
00000911  GPIOPinConfigure              
00000959  UARTConfigSetExpClk           
000009a1  __TI_auto_init_nobinit_nopinit
000009e5  SysCtlPeripheralEnable        
00000a19  _c_int00_noargs               
00000a4d  GPIODirModeSet                
00000a79  UARTDisable                   
00000a99  GPIOPinTypeGPIOOutput         
00000ab1  SysTickDisable                
00000ac5  SysTickEnable                 
00000ad9  UARTEnable                    
00000aed  GPIOPinTypeGPIOInput          
00000aff  GPIOPinTypeUART               
00000b11  SysTickPeriodSet              
00000b21  __TI_decompress_none          
00000b2f  ResetISR                      
00000b3b  UARTCharPut                   
00000b45  GPIOPinRead                   
00000b4b  GPIOPinWrite                  
00000b51  SysCtlDelay                   
00000b57  UARTIntClear                  
00000b5b  _system_pre_init              
00000b5f  C$$EXIT                       
00000b5f  abort                         
00000c68  __TI_Handler_Table_Base       
00000c70  __TI_CINIT_Base               
00000c70  __TI_Handler_Table_Limit      
00000c78  __TI_CINIT_Limit              
20000000  __stack                       
20000000  __start___llvm_prf_cnts       
20000000  __stop___llvm_prf_cnts        
20000200  __STACK_END                   
20000200  __STACK_TOP                   
20000200  i                             
20000204  Parqueos                      
20000208  Boton1                        
2000020c  Boton2                        
20000210  Boton3                        
20000214  Boton4                        
20000218  Sensores                      
ffffffff  __TI_pprof_out_hndl           
ffffffff  __TI_prof_data_size           
ffffffff  __TI_prof_data_start          
ffffffff  __binit__                     
ffffffff  __c_args__                    
ffffffff  binit                         
UNDEFED   __mpu_init                    
UNDEFED   _system_post_cinit            

[63 symbols]
